provenance lock OK: commit 17b353982661, tree 00762ff259a0
job 19931268 on c031: 48 threads, 48 cores usable, OverSubscribe=NO
no GPU visible
1 runs -> $SCRATCH/lilq-run/lilq-pinn/results/wave4/B_instrumentation
  bl_gravity_P64_cpu_paper: 43 iterations, t_cum=0.223s, wall=3.7s

ok=1 skipped=0 failed=0 in 3.9s; index: $SCRATCH/lilq-run/lilq-pinn/results/wave4/B_instrumentation/runs_index.csv
  bratu_P25_cpu_paper training_time: clean 0.0007286 s (warm-up 0.0008323 s, logged 0.000727526843547821)
  bratu_P100_cpu_paper training_time: clean 0.03142 s (warm-up 0.0294 s, logged 0.029688676819205284)
  bratu_P225_cpu_paper training_time: clean 0.199 s (warm-up 0.2031 s, logged 0.19512909278273582)
  burgers_P25_cpu_paper training_time: clean 0.0008417 s (warm-up 0.000869 s, logged 0.0009122584015130997)
  burgers_P100_cpu_paper training_time: clean 0.03118 s (warm-up 0.03178 s, logged 0.031819360330700874)
  burgers_P225_cpu_paper training_time: clean 0.151 s (warm-up 0.1503 s, logged 0.15219144523143768)
  burgers_P400_cpu_paper training_time: clean 0.4295 s (warm-up 0.4469 s, logged 0.4277112800627947)
  burgers_P625_cpu_paper training_time: clean 1.158 s (warm-up 2.68 s, logged 1.181029673665762)
  bl_P64_cpu_paper training_time: clean 0.05156 s (warm-up 0.056 s, logged 0.05634776130318642)
  bl_P256_cpu_paper training_time: clean 0.2402 s (warm-up 0.2442 s, logged 0.24407607689499855)
  bl_P576_cpu_paper training_time: clean 0.9428 s (warm-up 0.9426 s, logged 0.9699343219399452)
  bl_P1024_cpu_paper training_time: clean 3.885 s (warm-up 3.892 s, logged 3.8993446845561266)
  bl_gravity_P64_cpu_paper training_time: clean 0.2401 s (warm-up 0.2406 s, logged 0.27555568888783455)
  bl_gravity_P256_cpu_paper training_time: clean 3.169 s (warm-up 0.7248 s, logged 0.7386190425604582)
  bl_gravity_P576_cpu_paper training_time: clean 1.221 s (warm-up 1.764 s, logged 1.2464991621673107)
  bl_gravity_P1024_cpu_paper training_time: clean 4.224 s (warm-up 4.222 s, logged 4.359783731400967)
  elasticity_P50_cpu_paper time_lil_s: clean 0.003817 s (warm-up 0.004295 s, logged 0.004193833097815514)
  elasticity_P50_cpu_paper solve_time_qr: clean 0.001969 s (warm-up 0.001982 s, logged 0.002006843686103821)
  elasticity_P200_cpu_paper time_lil_s: clean 0.04574 s (warm-up 0.04563 s, logged 0.04780593141913414)
  elasticity_P200_cpu_paper solve_time_qr: clean 0.03815 s (warm-up 0.0385 s, logged 0.03922065161168575)
  elasticity_P450_cpu_paper time_lil_s: clean 0.139 s (warm-up 0.1314 s, logged 0.13877473026514053)
  elasticity_P450_cpu_paper solve_time_qr: clean 0.102 s (warm-up 0.1017 s, logged 0.10362847335636616)
  elasticity_P800_cpu_paper time_lil_s: clean 0.4047 s (warm-up 0.3999 s, logged 0.42221746407449245)
  elasticity_P800_cpu_paper solve_time_qr: clean 0.2996 s (warm-up 0.2944 s, logged 0.3128655832260847)
  elasticity_P1250_cpu_paper time_lil_s: clean 1.042 s (warm-up 1.039 s, logged 1.0808141119778156)
  elasticity_P1250_cpu_paper solve_time_qr: clean 0.8 s (warm-up 0.796 s, logged 0.8301731646060944)
  kovasznay_P75_cpu_paper solve_time_total: clean 0.0558 s (warm-up 0.05555 s, logged 0.05609236843883991)
  kovasznay_P300_cpu_paper solve_time_total: clean 0.295 s (warm-up 0.2941 s, logged 0.2961670607328415)
  kovasznay_P675_cpu_paper solve_time_total: clean 0.6397 s (warm-up 1.712 s, logged 0.6509198844432831)
  kovasznay_P1200_cpu_paper solve_time_total: clean 1.666 s (warm-up 1.666 s, logged 1.7344665452837944)
  kovasznay_P1875_cpu_paper solve_time_total: clean 4.329 s (warm-up 4.321 s, logged 4.319803522899747)
  beltrami_P7984_cpu_paper solve_time_total: clean 282.5 s (warm-up 246.7 s, logged 302.73068008571863)
  beltrami_pinned solve_time_total: clean 267 s (warm-up 286.3 s, logged 266.8859593886882)
  darcy_S1_cpu_paper total_time: clean 29.56 s (warm-up 25.51 s, logged 27.119806051254272)
  darcy_S2_cpu_paper total_time: clean 20.69 s (warm-up 23.15 s, logged 23.430363908410072)
  darcy_S3_cpu_paper total_time: clean 27.31 s (warm-up 22.26 s, logged 27.83236687630415)
  darcy_SPE10_cpu_paper total_time: clean 19.48 s (warm-up 20.02 s, logged 21.127313440665603)
Wrote $SCRATCH/lilq-run/lilq-pinn/results/wave4/B_instrumentation/clean_timing/clean_timing.csv (37 rows)
