provenance lock OK: commit 905e58c480c7, tree 7b076215828a
job 19905619 on g050: 48 threads, 48 cores usable, OverSubscribe=OK
NVIDIA A100-PCIE-40GB, 40960 MiB

============================================================
stall controls: 9 runs ended on optimizer_stall
============================================================
  warm-up on cuda: 33.1s (untimed)

  control of bratu P=100 NiL-N seed=0 device=cuda (original: 8269 iterations, optimizer_stall)
    NiL-N  seed=0 [f1_stall_rule] device=cuda   iters= 10000 loss=8.124e-04 [iteration_cap] (176.3s)

  control of bratu P=100 NiL-N seed=1 device=cuda (original: 3197 iterations, optimizer_stall)
    NiL-N  seed=1 [f1_stall_rule] device=cuda   iters= 10000 loss=2.262e-03 [iteration_cap] (178.9s)

  control of bratu P=100 NiL-N seed=2 device=cuda (original: 7422 iterations, optimizer_stall)
    NiL-N  seed=2 [f1_stall_rule] device=cuda   iters= 10000 loss=2.498e-03 [iteration_cap] (182.4s)

  control of bratu P=100 NiL-Q seed=0 device=cuda (original: 7916 iterations, optimizer_stall)
    NiL-Q  seed=0 [f1_stall_rule] device=cuda   iters= 10000 loss=7.193e-04 [iteration_cap] (203.1s)

  control of bratu P=100 NiL-Q seed=1 device=cuda (original: 6542 iterations, optimizer_stall)
    NiL-Q  seed=1 [f1_stall_rule] device=cuda   iters= 10000 loss=6.053e-04 [iteration_cap] (201.9s)

  control of bratu P=100 NiL-Q seed=2 device=cuda (original: 6400 iterations, optimizer_stall)
    NiL-Q  seed=2 [f1_stall_rule] device=cuda   iters= 10000 loss=8.571e-04 [iteration_cap] (202.9s)

  control of bratu P=225 NiL-N seed=1 device=cuda (original: 5484 iterations, optimizer_stall)
    NiL-N  seed=1 [f1_stall_rule] device=cuda   iters= 10000 loss=8.053e-04 [iteration_cap] (176.1s)

  control of bratu P=225 NiL-N seed=2 device=cuda (original: 4781 iterations, optimizer_stall)
    NiL-N  seed=2 [f1_stall_rule] device=cuda   iters= 10000 loss=4.101e-04 [iteration_cap] (174.9s)

  control of bratu P=225 NiL-Q seed=2 device=cuda (original: 7636 iterations, optimizer_stall)
    NiL-Q  seed=2 [f1_stall_rule] device=cuda   iters= 10000 loss=2.007e-04 [iteration_cap] (199.2s)

Wrote 9 rows to $SCRATCH/lilq-run/lilq-pinn/results/wave2/B_instrumentation/four_method_jobs/bratu_gpu_controls/four_method_tables.csv (0 failures)
Total elapsed: 1737.5s
