provenance lock OK: commit 905e58c480c7, tree 7b076215828a
job 19925504 on g051: 8 threads, 8 cores usable, OverSubscribe=OK
NVIDIA A100-PCIE-40GB, 40960 MiB
  viscous  ic   P=   64 LiL-Q  seed=   iters=    10 loss=7.678e-02 [target reached] (7.5s)
  viscous  ic   P=   64 LiL-N  seed=   iters=   138 loss=8.487e-02 [target reached] (42.8s)
  viscous  ic   P=   64 NiL-N  seed=0  iters=   185 loss=8.010e-02 [target reached] (3.8s)
  viscous  ic   P=   64 NiL-N  seed=1  iters=   281 loss=8.495e-02 [target reached] (5.1s)
  viscous  ic   P=   64 NiL-N  seed=2  iters=   124 loss=8.300e-02 [target reached] (2.0s)
  viscous  ic   P=   64 NiL-Q  seed=0  iters=   801 loss=7.787e-02 [target reached] (16.1s)
  viscous  ic   P=   64 NiL-Q  seed=1  iters=   286 loss=8.345e-02 [target reached] (5.6s)
  viscous  ic   P=   64 NiL-Q  seed=2  iters=   408 loss=7.852e-02 [target reached] (8.0s)
  viscous  ic   P=  256 LiL-Q  seed=   iters=     4 loss=1.321e-02 [target reached] (0.5s)
  viscous  ic   P=  256 LiL-N  seed=   iters=  1089 loss=1.500e-02 [target reached] (14.6s)
  viscous  ic   P=  256 NiL-N  seed=0  iters=   320 loss=1.490e-02 [target reached] (5.8s)
  viscous  ic   P=  256 NiL-N  seed=1  iters=   350 loss=1.490e-02 [target reached] (6.4s)
  viscous  ic   P=  256 NiL-N  seed=2  iters=  1069 loss=1.497e-02 [target reached] (20.5s)
  viscous  ic   P=  256 NiL-Q  seed=0  iters=   670 loss=1.490e-02 [target reached] (13.2s)
  viscous  ic   P=  256 NiL-Q  seed=1  iters=   812 loss=1.488e-02 [target reached] (16.4s)
  viscous  ic   P=  256 NiL-Q  seed=2  iters=   765 loss=1.497e-02 [target reached] (15.1s)
  viscous  ic   P=  576 LiL-Q  seed=   iters=     4 loss=4.103e-04 [target reached] (2.0s)
  viscous  ic   P=  576 LiL-N  seed=   iters= 15000 loss=1.511e-03 [iteration_cap] (204.1s)
  viscous  ic   P=  576 NiL-N  seed=0  iters=  6098 loss=8.417e-04 [optimizer_stall] (110.8s)
  viscous  ic   P=  576 NiL-N  seed=1  iters=  1789 loss=7.500e-04 [target reached] (33.4s)
  viscous  ic   P=  576 NiL-N  seed=2  iters=  2339 loss=7.498e-04 [target reached] (43.8s)
  viscous  ic   P=  576 NiL-Q  seed=0  iters=  3756 loss=7.499e-04 [target reached] (70.2s)
  viscous  ic   P=  576 NiL-Q  seed=1  iters=  5238 loss=7.498e-04 [target reached] (96.7s)
  viscous  ic   P=  576 NiL-Q  seed=2  iters=  6058 loss=7.500e-04 [target reached] (111.9s)
  viscous  ic   P= 1024 LiL-Q  seed=   iters=     4 loss=2.555e-05 [target reached] (7.7s)
  viscous  ic   P= 1024 LiL-N  seed=   iters= 20000 loss=2.026e-04 [iteration_cap] (342.8s)
  viscous  ic   P= 1024 NiL-N  seed=0  iters=  9772 loss=7.500e-05 [target reached] (215.4s)
  viscous  ic   P= 1024 NiL-N  seed=1  iters=  5307 loss=1.397e-04 [optimizer_stall] (89.7s)
  viscous  ic   P= 1024 NiL-N  seed=2  iters=  7436 loss=7.500e-05 [target reached] (164.4s)
  viscous  ic   P= 1024 NiL-Q  seed=0  iters=  5358 loss=1.678e-04 [optimizer_stall] (127.5s)
  viscous  ic   P= 1024 NiL-Q  seed=1  iters=  5995 loss=2.789e-04 [optimizer_stall] (127.0s)
  viscous  ic   P= 1024 NiL-Q  seed=2  iters=  8153 loss=2.174e-04 [optimizer_stall] (149.8s)
Wrote $SCRATCH/lilq-run/lilq-pinn/results/wave3/B_instrumentation/b8_jobs/viscous_ic/b8_initial_guess.csv
