provenance lock OK: commit 905e58c480c7, tree 7b076215828a
job 19925503 on g097: 8 threads, 8 cores usable, OverSubscribe=OK
NVIDIA A100-PCIE-40GB, 40960 MiB
  viscous  zero P=   64 LiL-Q  seed=   iters=     6 loss=8.020e-02 [target reached] (9.1s)
  viscous  zero P=   64 LiL-N  seed=   iters=   131 loss=8.476e-02 [target reached] (45.4s)
  viscous  zero P=   64 NiL-N  seed=0  iters=   111 loss=8.456e-02 [target reached] (1.5s)
  viscous  zero P=   64 NiL-N  seed=1  iters=   230 loss=8.472e-02 [target reached] (3.5s)
  viscous  zero P=   64 NiL-N  seed=2  iters=   141 loss=8.484e-02 [target reached] (2.0s)
  viscous  zero P=   64 NiL-Q  seed=0  iters=   401 loss=8.261e-02 [target reached] (6.7s)
  viscous  zero P=   64 NiL-Q  seed=1  iters=   401 loss=8.273e-02 [target reached] (7.0s)
  viscous  zero P=   64 NiL-Q  seed=2  iters=   303 loss=7.447e-02 [target reached] (5.1s)
  viscous  zero P=  256 LiL-Q  seed=   iters=     5 loss=9.684e-03 [target reached] (0.6s)
  viscous  zero P=  256 LiL-N  seed=   iters=  1016 loss=1.500e-02 [target reached] (12.0s)
  viscous  zero P=  256 NiL-N  seed=0  iters=   203 loss=1.488e-02 [target reached] (2.9s)
  viscous  zero P=  256 NiL-N  seed=1  iters=   230 loss=1.481e-02 [target reached] (3.4s)
  viscous  zero P=  256 NiL-N  seed=2  iters=   297 loss=1.490e-02 [target reached] (4.4s)
  viscous  zero P=  256 NiL-Q  seed=0  iters=   855 loss=1.496e-02 [target reached] (14.8s)
  viscous  zero P=  256 NiL-Q  seed=1  iters=   880 loss=1.484e-02 [target reached] (15.1s)
  viscous  zero P=  256 NiL-Q  seed=2  iters=   851 loss=1.482e-02 [target reached] (14.8s)
  viscous  zero P=  576 LiL-Q  seed=   iters=     5 loss=3.644e-04 [target reached] (2.3s)
  viscous  zero P=  576 LiL-N  seed=   iters= 15000 loss=1.508e-03 [iteration_cap] (181.7s)
  viscous  zero P=  576 NiL-N  seed=0  iters=   969 loss=7.486e-04 [target reached] (15.3s)
  viscous  zero P=  576 NiL-N  seed=1  iters=  1621 loss=7.492e-04 [target reached] (25.9s)
  viscous  zero P=  576 NiL-N  seed=2  iters=  2604 loss=7.495e-04 [target reached] (41.7s)
  viscous  zero P=  576 NiL-Q  seed=0  iters=  5528 loss=7.500e-04 [target reached] (95.4s)
  viscous  zero P=  576 NiL-Q  seed=1  iters=  4107 loss=7.499e-04 [target reached] (71.2s)
  viscous  zero P=  576 NiL-Q  seed=2  iters=  4328 loss=7.499e-04 [target reached] (73.6s)
  viscous  zero P= 1024 LiL-Q  seed=   iters=     5 loss=1.612e-05 [target reached] (10.2s)
  viscous  zero P= 1024 LiL-N  seed=   iters= 11665 loss=2.234e-04 [optimizer_stall] (141.0s)
  viscous  zero P= 1024 NiL-N  seed=0  iters=  7279 loss=1.755e-04 [optimizer_stall] (114.3s)
  viscous  zero P= 1024 NiL-N  seed=1  iters=  7568 loss=3.982e-04 [optimizer_stall] (121.2s)
  viscous  zero P= 1024 NiL-N  seed=2  iters=  5178 loss=2.529e-04 [optimizer_stall] (83.1s)
  viscous  zero P= 1024 NiL-Q  seed=0  iters=  7982 loss=3.727e-04 [optimizer_stall] (134.3s)
  viscous  zero P= 1024 NiL-Q  seed=1  iters= 10730 loss=3.540e-04 [optimizer_stall] (178.9s)
  viscous  zero P= 1024 NiL-Q  seed=2  iters=  8892 loss=3.348e-04 [optimizer_stall] (149.7s)
Wrote /scratch/user/gbenga-awojinrin/lilq-run/lilq-pinn/results/wave3/B_instrumentation/b8_jobs/viscous_zero/b8_initial_guess.csv
