provenance lock OK: commit 905e58c480c7, tree 7b076215828a
job 19925505 on g051: 8 threads, 8 cores usable, OverSubscribe=OK
NVIDIA A100-PCIE-40GB, 40960 MiB
  gravity  zero P=   64 LiL-Q  seed=   iters=    20 loss=9.507e-01 [iteration_cap] (7.5s)
  gravity  zero P=   64 LiL-N  seed=   iters=    81 loss=2.396e-01 [target reached] (41.9s)
  gravity  zero P=   64 NiL-N  seed=0  iters=   136 loss=2.380e-01 [target reached] (3.5s)
  gravity  zero P=   64 NiL-N  seed=1  iters=   234 loss=2.400e-01 [target reached] (3.7s)
  gravity  zero P=   64 NiL-N  seed=2  iters=   344 loss=2.365e-01 [target reached] (5.7s)
  gravity  zero P=   64 NiL-Q  seed=0  iters=   200 loss=2.392e-01 [target reached] (3.2s)
  gravity  zero P=   64 NiL-Q  seed=1  iters=   211 loss=2.387e-01 [target reached] (3.4s)
  gravity  zero P=   64 NiL-Q  seed=2  iters=   182 loss=2.371e-01 [target reached] (2.9s)
  gravity  zero P=  256 LiL-Q  seed=   iters=    12 loss=7.426e-02 [target reached] (1.3s)
  gravity  zero P=  256 LiL-N  seed=   iters=   867 loss=7.499e-02 [target reached] (10.9s)
  gravity  zero P=  256 NiL-N  seed=0  iters=  1348 loss=7.493e-02 [target reached] (22.8s)
  gravity  zero P=  256 NiL-N  seed=1  iters=  1893 loss=7.486e-02 [target reached] (32.6s)
  gravity  zero P=  256 NiL-N  seed=2  iters=  2529 loss=7.499e-02 [target reached] (43.0s)
  gravity  zero P=  256 NiL-Q  seed=0  iters=  2057 loss=7.498e-02 [target reached] (37.2s)
  gravity  zero P=  256 NiL-Q  seed=1  iters=  4000 loss=1.591e-01 [iteration_cap] (73.8s)
  gravity  zero P=  256 NiL-Q  seed=2  iters=  2679 loss=7.499e-02 [target reached] (49.0s)
  gravity  zero P=  576 LiL-Q  seed=   iters=     5 loss=4.280e-02 [target reached] (2.8s)
  gravity  zero P=  576 LiL-N  seed=   iters=  1233 loss=4.500e-02 [target reached] (15.8s)
  gravity  zero P=  576 NiL-N  seed=0  iters=  1088 loss=4.499e-02 [target reached] (18.3s)
  gravity  zero P=  576 NiL-N  seed=1  iters=  1832 loss=4.500e-02 [target reached] (31.4s)
  gravity  zero P=  576 NiL-N  seed=2  iters=  5880 loss=4.499e-02 [target reached] (99.8s)
  gravity  zero P=  576 NiL-Q  seed=0  iters=  5413 loss=4.497e-02 [target reached] (96.3s)
  gravity  zero P=  576 NiL-Q  seed=1  iters=  5944 loss=4.500e-02 [target reached] (105.6s)
  gravity  zero P=  576 NiL-Q  seed=2  iters=  4958 loss=4.499e-02 [target reached] (88.2s)
  gravity  zero P= 1024 LiL-Q  seed=   iters=     5 loss=1.030e-02 [target reached] (9.4s)
  gravity  zero P= 1024 LiL-N  seed=   iters= 14206 loss=1.293e-02 [optimizer_stall] (183.9s)
  gravity  zero P= 1024 NiL-N  seed=0  iters= 15114 loss=1.100e-02 [target reached] (251.8s)
  gravity  zero P= 1024 NiL-N  seed=1  iters= 20000 loss=2.081e-02 [iteration_cap] (343.2s)
  gravity  zero P= 1024 NiL-N  seed=2  iters= 20000 loss=2.454e-02 [iteration_cap] (346.1s)
  gravity  zero P= 1024 NiL-Q  seed=0  iters= 10000 loss=3.627e-02 [iteration_cap] (180.4s)
  gravity  zero P= 1024 NiL-Q  seed=1  iters= 10000 loss=4.303e-02 [iteration_cap] (177.7s)
  gravity  zero P= 1024 NiL-Q  seed=2  iters= 10000 loss=3.565e-02 [iteration_cap] (170.3s)
Wrote $SCRATCH/lilq-run/lilq-pinn/results/wave3/B_instrumentation/b8_jobs/gravity_zero/b8_initial_guess.csv
