provenance lock OK: commit 8a3f5f7cc4c2, tree ead9b37f635f
job 19898414 on c174: 24 threads, 24 cores usable, OverSubscribe=OK
no GPU visible
  kovasznay_P300_r1_paper                  N/P=1.00 iters=20 Rlin=5.96e-14 kappa=3.48e+20 [K_max] (26.7s)
  kovasznay_P300_r1_cgl                    N/P=1.00 iters=20 Rlin=1.93e-14 kappa=4.41e+18 [K_max] (0.7s)
  kovasznay_P300_r1_random_s0              N/P=1.00 iters=20 Rlin=9.13e-10 kappa=3.82e+11 [K_max] (0.7s)
  kovasznay_P300_r1_random_s1              N/P=1.00 iters=20 Rlin=7.02e-11 kappa=2.37e+10 [K_max] (0.7s)
  kovasznay_P300_r1_random_s2              N/P=1.00 iters=20 Rlin=4.98e-10 kappa=3.65e+11 [K_max] (0.6s)
  kovasznay_P300_r1_random_s3              N/P=1.00 iters=20 Rlin=1.96e-09 kappa=2.94e+13 [K_max] (0.6s)
  kovasznay_P300_r1_random_s4              N/P=1.00 iters=20 Rlin=7.02e-11 kappa=1.18e+11 [K_max] (0.6s)
  kovasznay_P300_r1.5_paper                N/P=1.51 iters=9 Rlin=8.38e-02 kappa=1.75e+03 [tolerance] (0.5s)
  kovasznay_P300_r1.5_cgl                  N/P=1.51 iters=9 Rlin=1.59e-01 kappa=1.01e+03 [tolerance] (0.6s)
  kovasznay_P300_r1.5_random_s0            N/P=1.51 iters=13 Rlin=2.83e-02 kappa=4.59e+05 [tolerance] (0.7s)
  kovasznay_P300_r1.5_random_s1            N/P=1.51 iters=20 Rlin=2.11e-02 kappa=2.33e+04 [K_max] (0.9s)
  kovasznay_P300_r1.5_random_s2            N/P=1.51 iters=20 Rlin=1.30e-02 kappa=2.05e+04 [K_max] (1.4s)
  kovasznay_P300_r1.5_random_s3            N/P=1.51 iters=20 Rlin=1.70e-02 kappa=6.72e+04 [K_max] (0.9s)
  kovasznay_P300_r1.5_random_s4            N/P=1.51 iters=20 Rlin=2.31e-02 kappa=1.61e+04 [K_max] (0.9s)
  kovasznay_P300_r2_paper                  N/P=2.04 iters=9 Rlin=1.09e-01 kappa=1.09e+03 [tolerance] (0.7s)
  kovasznay_P300_r2_cgl                    N/P=2.04 iters=9 Rlin=1.38e-01 kappa=9.45e+02 [tolerance] (0.7s)
  kovasznay_P300_r2_random_s0              N/P=2.04 iters=13 Rlin=4.41e-02 kappa=1.42e+04 [tolerance] (0.9s)
  kovasznay_P300_r2_random_s1              N/P=2.04 iters=19 Rlin=6.56e-02 kappa=5.73e+04 [tolerance] (1.1s)
  kovasznay_P300_r2_random_s2              N/P=2.04 iters=10 Rlin=4.53e-02 kappa=6.43e+03 [tolerance] (0.7s)
  kovasznay_P300_r2_random_s3              N/P=2.04 iters=13 Rlin=4.24e-02 kappa=2.80e+03 [tolerance] (0.8s)
  kovasznay_P300_r2_random_s4              N/P=2.04 iters=20 Rlin=3.08e-02 kappa=7.82e+04 [K_max] (1.2s)
  kovasznay_P300_r3_paper                  N/P=3.07 iters=9 Rlin=1.31e-01 kappa=7.90e+02 [tolerance] (0.8s)
  kovasznay_P300_r3_cgl                    N/P=3.07 iters=9 Rlin=1.39e-01 kappa=8.73e+02 [tolerance] (0.8s)
  kovasznay_P300_r3_random_s0              N/P=3.07 iters=10 Rlin=7.53e-02 kappa=5.29e+03 [tolerance] (0.8s)
  kovasznay_P300_r3_random_s1              N/P=3.07 iters=9 Rlin=7.58e-02 kappa=6.71e+03 [tolerance] (0.7s)
  kovasznay_P300_r3_random_s2              N/P=3.07 iters=10 Rlin=7.68e-02 kappa=2.77e+03 [tolerance] (0.8s)
  kovasznay_P300_r3_random_s3              N/P=3.07 iters=11 Rlin=7.45e-02 kappa=3.22e+03 [tolerance] (0.9s)
  kovasznay_P300_r3_random_s4              N/P=3.07 iters=13 Rlin=4.10e-02 kappa=3.65e+03 [tolerance] (1.0s)
  kovasznay_P300_r5_paper                  N/P=4.91 iters=9 Rlin=1.40e-01 kappa=6.78e+02 [tolerance] (1.0s)
  kovasznay_P300_r5_cgl                    N/P=4.91 iters=9 Rlin=1.40e-01 kappa=8.22e+02 [tolerance] (1.0s)
  kovasznay_P300_r5_random_s0              N/P=4.91 iters=9 Rlin=9.63e-02 kappa=1.75e+03 [tolerance] (1.0s)
  kovasznay_P300_r5_random_s1              N/P=4.91 iters=10 Rlin=8.64e-02 kappa=1.90e+03 [tolerance] (1.3s)
  kovasznay_P300_r5_random_s2              N/P=4.91 iters=9 Rlin=1.00e-01 kappa=5.78e+02 [tolerance] (1.0s)
  kovasznay_P300_r5_random_s3              N/P=4.91 iters=10 Rlin=7.42e-02 kappa=1.26e+03 [tolerance] (1.1s)
  kovasznay_P300_r5_random_s4              N/P=4.91 iters=9 Rlin=8.66e-02 kappa=5.14e+02 [tolerance] (1.0s)
  kovasznay_P300_r10_paper                 N/P=10.17 iters=9 Rlin=1.42e-01 kappa=5.87e+02 [tolerance] (1.3s)
  kovasznay_P300_r10_cgl                   N/P=10.17 iters=9 Rlin=1.40e-01 kappa=7.59e+02 [tolerance] (1.3s)
  kovasznay_P300_r10_random_s0             N/P=10.17 iters=9 Rlin=1.13e-01 kappa=6.22e+02 [tolerance] (1.3s)
  kovasznay_P300_r10_random_s1             N/P=10.17 iters=9 Rlin=1.10e-01 kappa=1.12e+03 [tolerance] (1.3s)
  kovasznay_P300_r10_random_s2             N/P=10.17 iters=9 Rlin=1.13e-01 kappa=4.61e+02 [tolerance] (1.3s)
  kovasznay_P300_r10_random_s3             N/P=10.17 iters=9 Rlin=1.01e-01 kappa=1.03e+03 [tolerance] (1.3s)
  kovasznay_P300_r10_random_s4             N/P=10.17 iters=9 Rlin=1.01e-01 kappa=5.25e+02 [tolerance] (1.3s)
  kovasznay_P300_r20_paper                 N/P=20.39 iters=9 Rlin=1.39e-01 kappa=5.41e+02 [tolerance] (1.8s)
  kovasznay_P300_r20_cgl                   N/P=20.39 iters=9 Rlin=1.40e-01 kappa=7.21e+02 [tolerance] (1.9s)
  kovasznay_P300_r20_random_s0             N/P=20.39 iters=9 Rlin=1.15e-01 kappa=4.42e+02 [tolerance] (1.9s)
  kovasznay_P300_r20_random_s1             N/P=20.39 iters=9 Rlin=1.19e-01 kappa=4.50e+02 [tolerance] (1.8s)
  kovasznay_P300_r20_random_s2             N/P=20.39 iters=9 Rlin=1.22e-01 kappa=4.84e+02 [tolerance] (1.8s)
  kovasznay_P300_r20_random_s3             N/P=20.39 iters=9 Rlin=1.13e-01 kappa=3.79e+02 [tolerance] (1.7s)
  kovasznay_P300_r20_random_s4             N/P=20.39 iters=8 Rlin=1.18e-01 kappa=3.90e+02 [tolerance] (1.6s)
  kovasznay_P1200_r1_paper                 N/P=1.09 iters=7 Rlin=3.58e-09 kappa=3.78e+17 [tolerance] (3.0s)
  kovasznay_P1200_r1_cgl                   N/P=1.09 iters=6 Rlin=1.13e-07 kappa=1.04e+17 [tolerance] (2.7s)
  kovasznay_P1200_r1_random_s0             N/P=1.09 iters=20 Rlin=1.01e-06 kappa=1.30e+12 [K_max] (7.7s)
  kovasznay_P1200_r1_random_s1             N/P=1.09 iters=20 Rlin=1.59e-09 kappa=2.04e+13 [K_max] (7.8s)
  kovasznay_P1200_r1_random_s2             N/P=1.09 iters=20 Rlin=1.75e-08 kappa=1.89e+13 [K_max] (7.8s)
  kovasznay_P1200_r1_random_s3             N/P=1.09 iters=20 Rlin=6.91e-11 kappa=5.42e+13 [K_max] (7.5s)
  kovasznay_P1200_r1_random_s4             N/P=1.09 iters=20 Rlin=2.36e-11 kappa=3.11e+11 [K_max] (7.5s)
  kovasznay_P1200_r1.5_paper               N/P=1.48 iters=6 Rlin=1.28e-08 kappa=1.67e+06 [tolerance] (3.1s)
  kovasznay_P1200_r1.5_cgl                 N/P=1.48 iters=6 Rlin=8.95e-08 kappa=1.74e+04 [tolerance] (3.2s)
  kovasznay_P1200_r1.5_random_s0           N/P=1.48 iters=8 Rlin=8.79e-09 kappa=5.95e+08 [tolerance] (4.0s)
  kovasznay_P1200_r1.5_random_s1           N/P=1.48 iters=8 Rlin=4.75e-09 kappa=5.31e+09 [tolerance] (4.0s)
  kovasznay_P1200_r1.5_random_s2           N/P=1.48 iters=9 Rlin=5.14e-09 kappa=3.83e+09 [tolerance] (4.6s)
  kovasznay_P1200_r1.5_random_s3           N/P=1.48 iters=14 Rlin=4.06e-09 kappa=3.15e+10 [tolerance] (6.7s)
  kovasznay_P1200_r1.5_random_s4           N/P=1.48 iters=8 Rlin=6.18e-09 kappa=1.09e+09 [tolerance] (4.1s)
  kovasznay_P1200_r2_paper                 N/P=2.04 iters=6 Rlin=2.75e-08 kappa=1.65e+05 [tolerance] (3.8s)
  kovasznay_P1200_r2_cgl                   N/P=2.04 iters=6 Rlin=9.57e-08 kappa=1.62e+04 [tolerance] (3.5s)
  kovasznay_P1200_r2_random_s0             N/P=2.04 iters=7 Rlin=3.20e-08 kappa=1.13e+07 [tolerance] (4.1s)
  kovasznay_P1200_r2_random_s1             N/P=2.04 iters=7 Rlin=2.16e-08 kappa=5.59e+07 [tolerance] (4.2s)
  kovasznay_P1200_r2_random_s2             N/P=2.04 iters=7 Rlin=3.06e-08 kappa=3.18e+07 [tolerance] (4.9s)
  kovasznay_P1200_r2_random_s3             N/P=2.04 iters=8 Rlin=1.96e-08 kappa=4.39e+08 [tolerance] (4.7s)
  kovasznay_P1200_r2_random_s4             N/P=2.04 iters=7 Rlin=2.04e-08 kappa=2.48e+07 [tolerance] (4.3s)
  kovasznay_P1200_r3_paper                 N/P=2.94 iters=6 Rlin=4.71e-08 kappa=4.38e+04 [tolerance] (4.6s)
  kovasznay_P1200_r3_cgl                   N/P=2.94 iters=6 Rlin=9.60e-08 kappa=1.52e+04 [tolerance] (4.5s)
  kovasznay_P1200_r3_random_s0             N/P=2.94 iters=6 Rlin=4.34e-08 kappa=3.35e+06 [tolerance] (4.5s)
  kovasznay_P1200_r3_random_s1             N/P=2.94 iters=7 Rlin=4.68e-08 kappa=3.23e+07 [tolerance] (5.2s)
  kovasznay_P1200_r3_random_s2             N/P=2.94 iters=6 Rlin=4.42e-08 kappa=1.23e+06 [tolerance] (4.5s)
  kovasznay_P1200_r3_random_s3             N/P=2.94 iters=7 Rlin=3.97e-08 kappa=6.10e+06 [tolerance] (5.1s)
  kovasznay_P1200_r3_random_s4             N/P=2.94 iters=7 Rlin=3.43e-08 kappa=1.54e+07 [tolerance] (5.2s)
  kovasznay_P1200_r5_paper                 N/P=5.10 iters=6 Rlin=7.26e-08 kappa=1.97e+04 [tolerance] (6.5s)
  kovasznay_P1200_r5_cgl                   N/P=5.10 iters=6 Rlin=9.63e-08 kappa=1.39e+04 [tolerance] (6.3s)
  kovasznay_P1200_r5_random_s0             N/P=5.10 iters=6 Rlin=6.32e-08 kappa=1.59e+05 [tolerance] (6.2s)
  kovasznay_P1200_r5_random_s1             N/P=5.10 iters=6 Rlin=5.99e-08 kappa=1.67e+05 [tolerance] (6.4s)
  kovasznay_P1200_r5_random_s2             N/P=5.10 iters=6 Rlin=6.26e-08 kappa=1.50e+05 [tolerance] (6.4s)
  kovasznay_P1200_r5_random_s3             N/P=5.10 iters=6 Rlin=5.82e-08 kappa=4.60e+04 [tolerance] (6.4s)
  kovasznay_P1200_r5_random_s4             N/P=5.10 iters=6 Rlin=6.24e-08 kappa=4.13e+05 [tolerance] (6.6s)
  kovasznay_P1200_r10_paper                N/P=9.93 iters=6 Rlin=8.88e-08 kappa=1.41e+04 [tolerance] (12.3s)
  kovasznay_P1200_r10_cgl                  N/P=9.93 iters=6 Rlin=9.65e-08 kappa=1.29e+04 [tolerance] (12.1s)
  kovasznay_P1200_r10_random_s0            N/P=9.93 iters=6 Rlin=7.49e-08 kappa=2.66e+04 [tolerance] (12.2s)
  kovasznay_P1200_r10_random_s1            N/P=9.93 iters=6 Rlin=7.65e-08 kappa=5.12e+04 [tolerance] (13.4s)
  kovasznay_P1200_r10_random_s2            N/P=9.93 iters=6 Rlin=7.24e-08 kappa=5.27e+04 [tolerance] (12.6s)
  kovasznay_P1200_r10_random_s3            N/P=9.93 iters=6 Rlin=7.95e-08 kappa=3.68e+04 [tolerance] (12.9s)
  kovasznay_P1200_r10_random_s4            N/P=9.93 iters=6 Rlin=7.72e-08 kappa=7.71e+03 [tolerance] (12.6s)
  kovasznay_P1200_r20_paper                N/P=20.00 iters=6 Rlin=9.56e-08 kappa=1.14e+04 [tolerance] (25.8s)
  kovasznay_P1200_r20_cgl                  N/P=20.00 iters=6 Rlin=9.66e-08 kappa=1.22e+04 [tolerance] (26.0s)
  kovasznay_P1200_r20_random_s0            N/P=20.00 iters=6 Rlin=8.68e-08 kappa=7.44e+03 [tolerance] (26.2s)
  kovasznay_P1200_r20_random_s1            N/P=20.00 iters=6 Rlin=8.48e-08 kappa=8.76e+03 [tolerance] (26.0s)
  kovasznay_P1200_r20_random_s2            N/P=20.00 iters=6 Rlin=8.46e-08 kappa=7.55e+03 [tolerance] (25.7s)
  kovasznay_P1200_r20_random_s3            N/P=20.00 iters=6 Rlin=8.55e-08 kappa=1.35e+04 [tolerance] (25.7s)
  kovasznay_P1200_r20_random_s4            N/P=20.00 iters=6 Rlin=8.41e-08 kappa=8.33e+04 [tolerance] (25.7s)
  bratu_P100_r1_paper                      N/P=1.16 iters=3 Rlin=3.34e-05 kappa=4.82e+08 [target] (0.2s)
  bratu_P100_r1_cgl                        N/P=1.16 iters=3 Rlin=9.36e-15 kappa=5.64e+16 [target] (0.2s)
  bratu_P100_r1_random_s0                  N/P=1.16 iters=3 Rlin=6.27e-04 kappa=1.16e+08 [target] (0.1s)
  bratu_P100_r1_random_s1                  N/P=1.16 iters=3 Rlin=1.33e-03 kappa=2.33e+07 [target] (0.6s)
  bratu_P100_r1_random_s2                  N/P=1.16 iters=3 Rlin=2.71e-04 kappa=4.14e+07 [target] (0.2s)
  bratu_P100_r1_random_s3                  N/P=1.16 iters=3 Rlin=1.37e-04 kappa=2.60e+08 [target] (0.1s)
  bratu_P100_r1_random_s4                  N/P=1.16 iters=3 Rlin=9.07e-04 kappa=9.38e+07 [target] (0.1s)
  bratu_P100_r1.5_paper                    N/P=1.45 iters=3 Rlin=5.19e-04 kappa=9.03e+07 [target] (0.2s)
  bratu_P100_r1.5_cgl                      N/P=1.45 iters=25 Rlin=1.24e-02 kappa=4.71e+05 [K_max] (0.4s)
  bratu_P100_r1.5_random_s0                N/P=1.45 iters=3 Rlin=2.04e-03 kappa=1.49e+07 [target] (0.2s)
  bratu_P100_r1.5_random_s1                N/P=1.45 iters=3 Rlin=1.81e-03 kappa=4.11e+06 [target] (0.3s)
  bratu_P100_r1.5_random_s2                N/P=1.45 iters=3 Rlin=1.93e-03 kappa=1.20e+07 [target] (0.2s)
  bratu_P100_r1.5_random_s3                N/P=1.45 iters=3 Rlin=1.59e-03 kappa=2.41e+07 [target] (0.2s)
  bratu_P100_r1.5_random_s4                N/P=1.45 iters=3 Rlin=2.28e-03 kappa=6.54e+06 [target] (0.1s)
  bratu_P100_r2_paper                      N/P=2.01 iters=3 Rlin=1.28e-03 kappa=4.11e+07 [target] (0.2s)
  bratu_P100_r2_cgl                        N/P=2.01 iters=25 Rlin=1.15e-02 kappa=5.61e+05 [K_max] (0.7s)
  bratu_P100_r2_random_s0                  N/P=2.01 iters=3 Rlin=3.29e-03 kappa=7.79e+06 [target] (0.2s)
  bratu_P100_r2_random_s1                  N/P=2.01 iters=3 Rlin=4.35e-03 kappa=2.98e+06 [target] (0.2s)
  bratu_P100_r2_random_s2                  N/P=2.01 iters=3 Rlin=3.50e-03 kappa=3.10e+06 [target] (0.2s)
  bratu_P100_r2_random_s3                  N/P=2.01 iters=3 Rlin=2.94e-03 kappa=5.38e+06 [target] (0.2s)
  bratu_P100_r2_random_s4                  N/P=2.01 iters=3 Rlin=4.03e-03 kappa=3.84e+06 [target] (0.2s)
  bratu_P100_r3_paper                      N/P=3.00 iters=3 Rlin=2.28e-03 kappa=5.76e+06 [target] (0.2s)
  bratu_P100_r3_cgl                        N/P=3.00 iters=25 Rlin=1.13e-02 kappa=5.97e+05 [K_max] (0.4s)
  bratu_P100_r3_random_s0                  N/P=3.00 iters=3 Rlin=5.11e-03 kappa=2.95e+06 [target] (0.2s)
  bratu_P100_r3_random_s1                  N/P=3.00 iters=3 Rlin=5.97e-03 kappa=2.28e+06 [target] (0.2s)
  bratu_P100_r3_random_s2                  N/P=3.00 iters=3 Rlin=4.82e-03 kappa=4.12e+06 [target] (0.2s)
  bratu_P100_r3_random_s3                  N/P=3.00 iters=3 Rlin=5.08e-03 kappa=2.95e+06 [target] (0.2s)
  bratu_P100_r3_random_s4                  N/P=3.00 iters=3 Rlin=3.92e-03 kappa=3.32e+06 [target] (0.2s)
  bratu_P100_r5_paper                      N/P=5.13 iters=3 Rlin=3.88e-03 kappa=2.35e+06 [target] (0.2s)
  bratu_P100_r5_cgl                        N/P=5.13 iters=25 Rlin=1.12e-02 kappa=6.06e+05 [K_max] (0.5s)
  bratu_P100_r5_random_s0                  N/P=5.13 iters=3 Rlin=6.44e-03 kappa=1.43e+06 [target] (0.2s)
  bratu_P100_r5_random_s1                  N/P=5.13 iters=3 Rlin=6.70e-03 kappa=1.47e+06 [target] (0.2s)
  bratu_P100_r5_random_s2                  N/P=5.13 iters=3 Rlin=5.93e-03 kappa=2.13e+06 [target] (0.4s)
  bratu_P100_r5_random_s3                  N/P=5.13 iters=3 Rlin=6.28e-03 kappa=2.00e+06 [target] (0.2s)
  bratu_P100_r5_random_s4                  N/P=5.13 iters=3 Rlin=6.29e-03 kappa=1.71e+06 [target] (0.4s)
  bratu_P100_r10_paper                     N/P=9.93 iters=3 Rlin=4.34e-03 kappa=2.01e+06 [target] (0.3s)
  bratu_P100_r10_cgl                       N/P=9.93 iters=25 Rlin=1.12e-02 kappa=6.15e+05 [K_max] (0.7s)
  bratu_P100_r10_random_s0                 N/P=9.93 iters=3 Rlin=7.93e-03 kappa=1.11e+06 [target] (0.2s)
  bratu_P100_r10_random_s1                 N/P=9.93 iters=3 Rlin=7.90e-03 kappa=1.39e+06 [target] (0.4s)
  bratu_P100_r10_random_s2                 N/P=9.93 iters=3 Rlin=7.79e-03 kappa=1.24e+06 [target] (0.2s)
  bratu_P100_r10_random_s3                 N/P=9.93 iters=3 Rlin=7.49e-03 kappa=1.60e+06 [target] (0.2s)
  bratu_P100_r10_random_s4                 N/P=9.93 iters=3 Rlin=8.35e-03 kappa=1.36e+06 [target] (0.2s)
  bratu_P100_r20_paper                     N/P=19.81 iters=3 Rlin=6.91e-03 kappa=1.34e+06 [target] (0.3s)
  bratu_P100_r20_cgl                       N/P=19.81 iters=25 Rlin=1.12e-02 kappa=6.23e+05 [K_max] (0.9s)
  bratu_P100_r20_random_s0                 N/P=19.81 iters=3 Rlin=7.97e-03 kappa=1.25e+06 [target] (0.2s)
  bratu_P100_r20_random_s1                 N/P=19.81 iters=3 Rlin=8.25e-03 kappa=1.21e+06 [target] (0.2s)
  bratu_P100_r20_random_s2                 N/P=19.81 iters=3 Rlin=8.67e-03 kappa=1.17e+06 [target] (0.2s)
  bratu_P100_r20_random_s3                 N/P=19.81 iters=3 Rlin=7.91e-03 kappa=1.14e+06 [target] (0.3s)
  bratu_P100_r20_random_s4                 N/P=19.81 iters=3 Rlin=8.00e-03 kappa=1.10e+06 [target] (0.2s)
  bratu_P225_r1_paper                      N/P=1.01 iters=25 Rlin=3.83e-11 kappa=5.86e+16 [K_max] (0.7s)
  bratu_P225_r1_cgl                        N/P=1.01 iters=3 Rlin=4.76e-14 kappa=7.23e+17 [target] (0.2s)
  bratu_P225_r1_random_s0                  N/P=1.01 iters=4 Rlin=1.88e-08 kappa=2.43e+13 [target] (0.2s)
  bratu_P225_r1_random_s1                  N/P=1.01 iters=3 Rlin=8.14e-07 kappa=1.42e+12 [target] (0.2s)
  bratu_P225_r1_random_s2                  N/P=1.01 iters=4 Rlin=4.05e-07 kappa=2.46e+13 [target] (0.2s)
  bratu_P225_r1_random_s3                  N/P=1.01 iters=3 Rlin=2.89e-07 kappa=3.34e+13 [target] (0.2s)
  bratu_P225_r1_random_s4                  N/P=1.01 iters=3 Rlin=1.23e-06 kappa=1.24e+13 [target] (0.2s)
  bratu_P225_r1.5_paper                    N/P=1.50 iters=3 Rlin=1.18e-05 kappa=9.71e+10 [target] (0.2s)
  bratu_P225_r1.5_cgl                      N/P=1.50 iters=25 Rlin=7.80e-04 kappa=3.08e+08 [K_max] (0.7s)
  bratu_P225_r1.5_random_s0                N/P=1.50 iters=3 Rlin=1.02e-04 kappa=1.56e+10 [target] (0.2s)
  bratu_P225_r1.5_random_s1                N/P=1.50 iters=3 Rlin=9.32e-05 kappa=1.99e+10 [target] (0.2s)
  bratu_P225_r1.5_random_s2                N/P=1.50 iters=4 Rlin=6.58e-05 kappa=2.45e+10 [target] (0.3s)
  bratu_P225_r1.5_random_s3                N/P=1.50 iters=4 Rlin=5.85e-05 kappa=4.29e+10 [target] (0.3s)
  bratu_P225_r1.5_random_s4                N/P=1.50 iters=3 Rlin=9.48e-05 kappa=2.33e+10 [target] (0.3s)
  bratu_P225_r2_paper                      N/P=2.06 iters=3 Rlin=7.45e-05 kappa=7.70e+09 [target] (0.3s)
  bratu_P225_r2_cgl                        N/P=2.06 iters=25 Rlin=8.05e-04 kappa=3.36e+08 [K_max] (1.2s)
  bratu_P225_r2_random_s0                  N/P=2.06 iters=4 Rlin=3.11e-04 kappa=5.21e+09 [target] (0.3s)
  bratu_P225_r2_random_s1                  N/P=2.06 iters=3 Rlin=1.19e-04 kappa=7.32e+09 [target] (0.2s)
  bratu_P225_r2_random_s2                  N/P=2.06 iters=4 Rlin=1.49e-04 kappa=7.43e+09 [target] (0.3s)
  bratu_P225_r2_random_s3                  N/P=2.06 iters=4 Rlin=1.37e-04 kappa=1.11e+10 [target] (0.3s)
  bratu_P225_r2_random_s4                  N/P=2.06 iters=3 Rlin=1.17e-04 kappa=6.52e+09 [target] (0.2s)
  bratu_P225_r3_paper                      N/P=3.00 iters=3 Rlin=1.40e-04 kappa=4.97e+09 [target] (0.3s)
  bratu_P225_r3_cgl                        N/P=3.00 iters=25 Rlin=7.96e-04 kappa=3.38e+08 [K_max] (1.1s)
  bratu_P225_r3_random_s0                  N/P=3.00 iters=4 Rlin=2.67e-04 kappa=2.50e+09 [target] (0.3s)
  bratu_P225_r3_random_s1                  N/P=3.00 iters=4 Rlin=2.01e-04 kappa=3.08e+09 [target] (0.3s)
  bratu_P225_r3_random_s2                  N/P=3.00 iters=4 Rlin=2.24e-04 kappa=3.31e+09 [target] (0.4s)
  bratu_P225_r3_random_s3                  N/P=3.00 iters=4 Rlin=2.75e-04 kappa=4.66e+09 [target] (0.3s)
  bratu_P225_r3_random_s4                  N/P=3.00 iters=4 Rlin=2.77e-04 kappa=3.04e+09 [target] (0.4s)
  bratu_P225_r5_paper                      N/P=5.00 iters=3 Rlin=2.28e-04 kappa=3.34e+09 [target] (0.4s)
  bratu_P225_r5_cgl                        N/P=5.00 iters=25 Rlin=7.87e-04 kappa=3.41e+08 [K_max] (1.4s)
  bratu_P225_r5_random_s0                  N/P=5.00 iters=4 Rlin=4.62e-04 kappa=1.18e+09 [target] (0.4s)
  bratu_P225_r5_random_s1                  N/P=5.00 iters=4 Rlin=3.36e-04 kappa=1.41e+09 [target] (0.4s)
  bratu_P225_r5_random_s2                  N/P=5.00 iters=4 Rlin=3.32e-04 kappa=1.43e+09 [target] (0.4s)
  bratu_P225_r5_random_s3                  N/P=5.00 iters=4 Rlin=3.38e-04 kappa=1.48e+09 [target] (0.3s)
  bratu_P225_r5_random_s4                  N/P=5.00 iters=4 Rlin=2.98e-04 kappa=1.72e+09 [target] (0.4s)
  bratu_P225_r10_paper                     N/P=10.06 iters=4 Rlin=3.29e-04 kappa=1.40e+09 [target] (0.8s)
  bratu_P225_r10_cgl                       N/P=10.06 iters=25 Rlin=7.78e-04 kappa=3.46e+08 [K_max] (2.1s)
  bratu_P225_r10_random_s0                 N/P=10.06 iters=4 Rlin=3.63e-04 kappa=8.97e+08 [target] (0.5s)
  bratu_P225_r10_random_s1                 N/P=10.06 iters=4 Rlin=4.35e-04 kappa=1.07e+09 [target] (0.5s)
  bratu_P225_r10_random_s2                 N/P=10.06 iters=4 Rlin=3.95e-04 kappa=9.34e+08 [target] (0.5s)
  bratu_P225_r10_random_s3                 N/P=10.06 iters=4 Rlin=4.53e-04 kappa=1.18e+09 [target] (0.5s)
  bratu_P225_r10_random_s4                 N/P=10.06 iters=4 Rlin=4.30e-04 kappa=9.72e+08 [target] (0.5s)
  bratu_P225_r20_paper                     N/P=20.02 iters=4 Rlin=3.53e-04 kappa=1.51e+09 [target] (0.7s)
  bratu_P225_r20_cgl                       N/P=20.02 iters=25 Rlin=7.73e-04 kappa=3.50e+08 [K_max] (3.3s)
  bratu_P225_r20_random_s0                 N/P=20.02 iters=25 Rlin=5.59e-04 kappa=7.14e+08 [K_max] (3.3s)
  bratu_P225_r20_random_s1                 N/P=20.02 iters=4 Rlin=4.68e-04 kappa=7.79e+08 [target] (0.7s)
  bratu_P225_r20_random_s2                 N/P=20.02 iters=25 Rlin=5.05e-04 kappa=7.87e+08 [K_max] (3.4s)
  bratu_P225_r20_random_s3                 N/P=20.02 iters=4 Rlin=4.33e-04 kappa=8.21e+08 [target] (0.7s)
  bratu_P225_r20_random_s4                 N/P=20.02 iters=4 Rlin=4.98e-04 kappa=8.11e+08 [target] (0.7s)
Wrote $SCRATCH/lilq-run/lilq-pinn/results/wave1/C_oversampling/results/oversampling.csv
