provenance lock OK: commit 17b353982661, tree 00762ff259a0
job 19944445 on c016: 48 threads, 48 cores usable, OverSubscribe=NO
no GPU visible
  bratu_P25_cpu_paper training_time: clean 0.0007288 s (warm-up 0.01963 s, logged 0.000727526843547821)
  bratu_P100_cpu_paper training_time: clean 0.03191 s (warm-up 0.04934 s, logged 0.029688676819205284)
  bratu_P225_cpu_paper training_time: clean 0.2008 s (warm-up 0.2029 s, logged 0.19512909278273582)
  burgers_P25_cpu_paper training_time: clean 0.000831 s (warm-up 0.000883 s, logged 0.0009122584015130997)
  burgers_P100_cpu_paper training_time: clean 0.03246 s (warm-up 0.0329 s, logged 0.031819360330700874)
  burgers_P225_cpu_paper training_time: clean 0.1528 s (warm-up 0.1556 s, logged 0.15219144523143768)
  burgers_P400_cpu_paper training_time: clean 0.4316 s (warm-up 0.4447 s, logged 0.4277112800627947)
  burgers_P625_cpu_paper training_time: clean 1.183 s (warm-up 1.205 s, logged 1.181029673665762)
  bl_P64_cpu_paper training_time: clean 0.05307 s (warm-up 0.1282 s, logged 0.05634776130318642)
  bl_P256_cpu_paper training_time: clean 0.2466 s (warm-up 0.2489 s, logged 0.24407607689499855)
  bl_P576_cpu_paper training_time: clean 0.9455 s (warm-up 0.9423 s, logged 0.9699343219399452)
  bl_P1024_cpu_paper training_time: clean 3.958 s (warm-up 3.908 s, logged 3.8993446845561266)
  bl_gravity_P64_cpu_paper training_time: clean 0.2475 s (warm-up 0.2494 s, logged 0.27555568888783455)
  bl_gravity_P256_cpu_paper training_time: clean 0.7175 s (warm-up 0.7266 s, logged 0.7386190425604582)
  bl_gravity_P576_cpu_paper training_time: clean 1.237 s (warm-up 1.239 s, logged 1.2464991621673107)
  bl_gravity_P1024_cpu_paper training_time: clean 4.252 s (warm-up 4.232 s, logged 4.359783731400967)
  elasticity_P50_cpu_paper time_lil_s: clean 0.003992 s (warm-up 0.004746 s, logged 0.004193833097815514)
  elasticity_P50_cpu_paper solve_time_qr: clean 0.002127 s (warm-up 0.002134 s, logged 0.002006843686103821)
  elasticity_P200_cpu_paper time_lil_s: clean 0.0499 s (warm-up 0.05051 s, logged 0.04780593141913414)
  elasticity_P200_cpu_paper solve_time_qr: clean 0.04202 s (warm-up 0.04209 s, logged 0.03922065161168575)
  elasticity_P450_cpu_paper time_lil_s: clean 0.1435 s (warm-up 0.1383 s, logged 0.13877473026514053)
  elasticity_P450_cpu_paper solve_time_qr: clean 0.107 s (warm-up 0.107 s, logged 0.10362847335636616)
  elasticity_P800_cpu_paper time_lil_s: clean 0.4082 s (warm-up 0.4115 s, logged 0.42221746407449245)
  elasticity_P800_cpu_paper solve_time_qr: clean 0.3027 s (warm-up 0.3038 s, logged 0.3128655832260847)
  elasticity_P1250_cpu_paper time_lil_s: clean 1.04 s (warm-up 1.042 s, logged 1.0808141119778156)
  elasticity_P1250_cpu_paper solve_time_qr: clean 0.7971 s (warm-up 0.7974 s, logged 0.8301731646060944)
  kovasznay_P75_cpu_paper solve_time_total: clean 0.05744 s (warm-up 0.05691 s, logged 0.05609236843883991)
  kovasznay_P300_cpu_paper solve_time_total: clean 0.3172 s (warm-up 0.3181 s, logged 0.2961670607328415)
  kovasznay_P675_cpu_paper solve_time_total: clean 0.6595 s (warm-up 0.6614 s, logged 0.6509198844432831)
  kovasznay_P1200_cpu_paper solve_time_total: clean 1.681 s (warm-up 1.668 s, logged 1.7344665452837944)
  kovasznay_P1875_cpu_paper solve_time_total: clean 4.256 s (warm-up 4.253 s, logged 4.319803522899747)
  beltrami_P7984_cpu_paper solve_time_total: clean 289.3 s (warm-up 288.2 s, logged 302.73068008571863)
  beltrami_pinned solve_time_total: clean 280.5 s (warm-up 280.8 s, logged 266.8859593886882)
  darcy_S1_cpu_paper total_time: clean 27.45 s (warm-up 29.19 s, logged 27.119806051254272)
  darcy_S2_cpu_paper total_time: clean 29.01 s (warm-up 20.73 s, logged 23.430363908410072)
  darcy_S3_cpu_paper total_time: clean 21.09 s (warm-up 23.81 s, logged 27.83236687630415)
  darcy_SPE10_cpu_paper total_time: clean 25.77 s (warm-up 22.22 s, logged 21.127313440665603)
Wrote $SCRATCH/lilq-run/lilq-pinn/results/wave4/fixes/option_b_replicate_1/B_instrumentation/clean_timing/clean_timing.csv (37 rows)
  bratu_P25_cpu_paper training_time: clean 0.0007884 s (warm-up 0.0007586 s, logged 0.000727526843547821)
  bratu_P100_cpu_paper training_time: clean 0.03374 s (warm-up 0.0346 s, logged 0.029688676819205284)
  bratu_P225_cpu_paper training_time: clean 0.1995 s (warm-up 0.2007 s, logged 0.19512909278273582)
  burgers_P25_cpu_paper training_time: clean 0.0008413 s (warm-up 0.0008778 s, logged 0.0009122584015130997)
  burgers_P100_cpu_paper training_time: clean 0.03338 s (warm-up 0.03384 s, logged 0.031819360330700874)
  burgers_P225_cpu_paper training_time: clean 0.1496 s (warm-up 0.1501 s, logged 0.15219144523143768)
  burgers_P400_cpu_paper training_time: clean 0.4236 s (warm-up 0.4366 s, logged 0.4277112800627947)
  burgers_P625_cpu_paper training_time: clean 1.188 s (warm-up 1.211 s, logged 1.181029673665762)
  bl_P64_cpu_paper training_time: clean 0.05724 s (warm-up 2.57 s, logged 0.05634776130318642)
  bl_P256_cpu_paper training_time: clean 0.2392 s (warm-up 0.2415 s, logged 0.24407607689499855)
  bl_P576_cpu_paper training_time: clean 0.9313 s (warm-up 2.56 s, logged 0.9699343219399452)
  bl_P1024_cpu_paper training_time: clean 3.757 s (warm-up 3.76 s, logged 3.8993446845561266)
  bl_gravity_P64_cpu_paper training_time: clean 0.2443 s (warm-up 0.3844 s, logged 0.27555568888783455)
  bl_gravity_P256_cpu_paper training_time: clean 0.6539 s (warm-up 0.6569 s, logged 0.7386190425604582)
  bl_gravity_P576_cpu_paper training_time: clean 1.206 s (warm-up 1.214 s, logged 1.2464991621673107)
  bl_gravity_P1024_cpu_paper training_time: clean 4.164 s (warm-up 4.259 s, logged 4.359783731400967)
  elasticity_P50_cpu_paper time_lil_s: clean 0.00395 s (warm-up 0.004805 s, logged 0.004193833097815514)
  elasticity_P50_cpu_paper solve_time_qr: clean 0.002089 s (warm-up 0.002149 s, logged 0.002006843686103821)
  elasticity_P200_cpu_paper time_lil_s: clean 0.04601 s (warm-up 0.04548 s, logged 0.04780593141913414)
  elasticity_P200_cpu_paper solve_time_qr: clean 0.03778 s (warm-up 0.03783 s, logged 0.03922065161168575)
  elasticity_P450_cpu_paper time_lil_s: clean 0.1258 s (warm-up 0.1264 s, logged 0.13877473026514053)
  elasticity_P450_cpu_paper solve_time_qr: clean 0.0976 s (warm-up 0.09757 s, logged 0.10362847335636616)
  elasticity_P800_cpu_paper time_lil_s: clean 0.3822 s (warm-up 0.387 s, logged 0.42221746407449245)
  elasticity_P800_cpu_paper solve_time_qr: clean 0.2843 s (warm-up 0.2868 s, logged 0.3128655832260847)
  elasticity_P1250_cpu_paper time_lil_s: clean 1.008 s (warm-up 1.009 s, logged 1.0808141119778156)
  elasticity_P1250_cpu_paper solve_time_qr: clean 0.7683 s (warm-up 0.767 s, logged 0.8301731646060944)
  kovasznay_P75_cpu_paper solve_time_total: clean 0.05438 s (warm-up 0.05382 s, logged 0.05609236843883991)
  kovasznay_P300_cpu_paper solve_time_total: clean 0.2822 s (warm-up 0.2833 s, logged 0.2961670607328415)
  kovasznay_P675_cpu_paper solve_time_total: clean 0.6052 s (warm-up 0.6039 s, logged 0.6509198844432831)
  kovasznay_P1200_cpu_paper solve_time_total: clean 1.596 s (warm-up 1.578 s, logged 1.7344665452837944)
  kovasznay_P1875_cpu_paper solve_time_total: clean 4.05 s (warm-up 4.051 s, logged 4.319803522899747)
  beltrami_P7984_cpu_paper solve_time_total: clean 261.8 s (warm-up 272.3 s, logged 302.73068008571863)
  beltrami_pinned solve_time_total: clean 267.2 s (warm-up 290.3 s, logged 266.8859593886882)
  darcy_S1_cpu_paper total_time: clean 29.34 s (warm-up 27.71 s, logged 27.119806051254272)
  darcy_S2_cpu_paper total_time: clean 28.16 s (warm-up 26.21 s, logged 23.430363908410072)
  darcy_S3_cpu_paper total_time: clean 28.11 s (warm-up 22.66 s, logged 27.83236687630415)
  darcy_SPE10_cpu_paper total_time: clean 22.92 s (warm-up 28.05 s, logged 21.127313440665603)
Wrote $SCRATCH/lilq-run/lilq-pinn/results/wave4/fixes/option_b_replicate_2/B_instrumentation/clean_timing/clean_timing.csv (37 rows)
